// Jest Snapshot v1, https://goo.gl/fbAQLP

exports[`ProjectTile component should render as expected 1`] = `
<div
  className="projectTile__container"
>
  <h3
    className="projectTile__heading"
  >
    <a
      className="projectTile__title"
      href={undefined}
    />
    <a
      href={undefined}
      target="_blank"
    >
      <img
        className="projectTile__logo"
        src="/static/logo_undefined.png"
      />
    </a>
  </h3>
  <p
    className="projectTile__description"
  />
  <button
    className="projectTile__videoButton"
    onClick={[Function]}
    style={
      Object {
        "display": "none",
      }
    }
  >
    <span
      aria-hidden={true}
      className="fa fa-play-circle"
      style={
        Object {
          "fontSize": "20px",
        }
      }
    />
     Video Presentation
  </button>
  <div
    className="projectTile__content"
  >
    <div
      className="gitHubStats__container"
      onClick={[Function]}
    >
      <div
        className="gitHubStats__stat"
      >
        <p
          className="gitHubStats__icon"
        >
          <span
            aria-hidden={true}
            className="fa fa-code"
          />
        </p>
        <p
          className="gitHubStats__description"
        />
      </div>
      <div
        className="gitHubStats__stat"
      >
        <p
          className="gitHubStats__icon"
        >
          <span
            aria-hidden={true}
            className="fa fa-code-fork"
          />
        </p>
        <p
          className="gitHubStats__description"
        />
      </div>
      <div
        className="gitHubStats__stat"
      >
        <p
          className="gitHubStats__icon"
        >
          <span
            aria-hidden={true}
            className="fa fa-star"
          />
        </p>
        <p
          className="gitHubStats__description"
        />
      </div>
      <div
        className="gitHubStats__stat"
      >
        <p
          className="gitHubStats__icon"
        >
          <span
            aria-hidden={true}
            className="fa fa-users"
          />
        </p>
        <p
          className="gitHubStats__description"
        />
      </div>
    </div>
  </div>
</div>
`;
