// Jest Snapshot v1, https://goo.gl/fbAQLP

exports[`GitHubStats component should render as expected 1`] = `
<div
  className="gitHubStats__container"
  onClick={[Function]}
>
  <div
    className="gitHubStats__stat"
  >
    <p
      className="gitHubStats__icon"
    >
      <span
        aria-hidden={true}
        className="fa fa-code"
      />
    </p>
    <p
      className="gitHubStats__description"
    />
  </div>
  <div
    className="gitHubStats__stat"
  >
    <p
      className="gitHubStats__icon"
    >
      <span
        aria-hidden={true}
        className="fa fa-code-fork"
      />
    </p>
    <p
      className="gitHubStats__description"
    />
  </div>
  <div
    className="gitHubStats__stat"
  >
    <p
      className="gitHubStats__icon"
    >
      <span
        aria-hidden={true}
        className="fa fa-star"
      />
    </p>
    <p
      className="gitHubStats__description"
    />
  </div>
  <div
    className="gitHubStats__stat"
  >
    <p
      className="gitHubStats__icon"
    >
      <span
        aria-hidden={true}
        className="fa fa-users"
      />
    </p>
    <p
      className="gitHubStats__description"
    />
  </div>
</div>
`;
